[     664ms] [LOG] [Fast Refresh] rebuilding @ http://localhost:3000/_next/static/chunks/node_modules_next_dist_115brz8._.js:2431
[     738ms] [LOG] [Fast Refresh] done in 184ms @ http://localhost:3000/_next/static/chunks/node_modules_next_dist_115brz8._.js:2431
[    1216ms] [INFO] %cDownload the React DevTools for a better development experience: https://react.dev/link/react-devtools font-weight:bold @ http://localhost:3000/_next/static/chunks/node_modules_next_dist_115brz8._.js:2431
[    1359ms] [LOG] [HMR] connected @ http://localhost:3000/_next/static/chunks/node_modules_next_dist_115brz8._.js:2431
[    9822ms] [LOG] [Fast Refresh] rebuilding @ http://localhost:3000/_next/static/chunks/node_modules_next_dist_115brz8._.js:2431
[    9822ms] [LOG] [Fast Refresh] done in 158ms @ http://localhost:3000/_next/static/chunks/node_modules_next_dist_115brz8._.js:2431
[   10386ms] [ERROR] Export failed Error: unsupported number: -9.297159013149614e+21
    at number (http://localhost:3000/_next/static/chunks/node_modules_%40react-pdf_pdfkit_lib_pdfkit_browser_0w5ammq.js:7175:15)
    at http://localhost:3000/_next/static/chunks/node_modules_%40react-pdf_pdfkit_lib_pdfkit_browser_0w5ammq.js:12424:20
    at Array.map (<anonymous>)
    at PDFDocument.transform (http://localhost:3000/_next/static/chunks/node_modules_%40react-pdf_pdfkit_lib_pdfkit_browser_0w5ammq.js:12424:11)
    at PDFDocument.translate (http://localhost:3000/_next/static/chunks/node_modules_%40react-pdf_pdfkit_lib_pdfkit_browser_0w5ammq.js:12428:21)
    at renderChildren (http://localhost:3000/_next/static/chunks/node_modules_0mknrtu._.js:16943:13)
    at renderNode (http://localhost:3000/_next/static/chunks/node_modules_0mknrtu._.js:16978:31)
    at renderChild (http://localhost:3000/_next/static/chunks/node_modules_0mknrtu._.js:16946:34)
    at Array.forEach (<anonymous>)
    at renderChildren (http://localhost:3000/_next/static/chunks/node_modules_0mknrtu._.js:16947:14)
    at renderNode (http://localhost:3000/_next/static/chunks/node_modules_0mknrtu._.js:16978:31)
    at http://localhost:3000/_next/static/chunks/node_modules_0mknrtu._.js:17020:27
    at Array.forEach (<anonymous>)
    at render (http://localhost:3000/_next/static/chunks/node_modules_0mknrtu._.js:17020:11)
    at render (http://localhost:3000/_next/static/chunks/node_modules_0mknrtu._.js:25143:199)
    at async Object.toBlob (http://localhost:3000/_next/static/chunks/node_modules_0mknrtu._.js:25159:76)
    at async generateFullReportPdf (http://localhost:3000/_next/static/chunks/src_lib_export_03duq~b._.js:865:12)
    at async exportContract (http://localhost:3000/_next/static/chunks/src_lib_export_0bd389f._.js:100:30)
    at async handleExport (http://localhost:3000/_next/static/chunks/src_02j~y2r._.js:4329:40) @ http://localhost:3000/_next/static/chunks/node_modules_next_dist_115brz8._.js:3272
[   20882ms] [LOG] [Fast Refresh] rebuilding @ http://localhost:3000/_next/static/chunks/node_modules_next_dist_115brz8._.js:2431
[   21689ms] [LOG] [Fast Refresh] done in 816ms @ http://localhost:3000/_next/static/chunks/node_modules_next_dist_115brz8._.js:2431
[   23739ms] [LOG] [Fast Refresh] rebuilding @ http://localhost:3000/_next/static/chunks/node_modules_next_dist_115brz8._.js:2431
[   23836ms] [LOG] [Fast Refresh] done in 193ms @ http://localhost:3000/_next/static/chunks/node_modules_next_dist_115brz8._.js:2431
