[     639ms] [INFO] %cDownload the React DevTools for a better development experience: https://react.dev/link/react-devtools font-weight:bold @ http://localhost:3000/_next/static/chunks/node_modules_next_dist_115brz8._.js:2431
[     681ms] [LOG] [HMR] connected @ http://localhost:3000/_next/static/chunks/node_modules_next_dist_115brz8._.js:2431
[   29385ms] [LOG] [HMR] connected @ http://localhost:3000/_next/static/chunks/node_modules_next_dist_115brz8._.js:2431
[   29551ms] [LOG] [Fast Refresh] rebuilding @ http://localhost:3000/_next/static/chunks/node_modules_next_dist_115brz8._.js:2431
[   29607ms] [LOG] [Fast Refresh] done in 157ms @ http://localhost:3000/_next/static/chunks/node_modules_next_dist_115brz8._.js:2431
[  252924ms] [LOG] [Fast Refresh] rebuilding @ http://localhost:3000/_next/static/chunks/node_modules_next_dist_115brz8._.js:2431
[  253393ms] [LOG] [Fast Refresh] done in 688ms @ http://localhost:3000/_next/static/chunks/node_modules_next_dist_115brz8._.js:2431
[  304196ms] [LOG] [Fast Refresh] rebuilding @ http://localhost:3000/_next/static/chunks/node_modules_next_dist_115brz8._.js:2431
[  304292ms] [LOG] [Fast Refresh] done in 323ms @ http://localhost:3000/_next/static/chunks/node_modules_next_dist_115brz8._.js:2431
[  318565ms] [LOG] [Fast Refresh] rebuilding @ http://localhost:3000/_next/static/chunks/node_modules_next_dist_115brz8._.js:2431
[  318937ms] [LOG] [Fast Refresh] done in 527ms @ http://localhost:3000/_next/static/chunks/node_modules_next_dist_115brz8._.js:2431
[  334716ms] [ERROR] Export failed Error: unsupported number: -9.297159013149614e+21
    at number (http://localhost:3000/_next/static/chunks/node_modules_%40react-pdf_pdfkit_lib_pdfkit_browser_0w5ammq.js:7175:15)
    at PDFDocument.moveTo (http://localhost:3000/_next/static/chunks/node_modules_%40react-pdf_pdfkit_lib_pdfkit_browser_0w5ammq.js:12243:50)
    at clipBorderTop (http://localhost:3000/_next/static/chunks/node_modules_0mknrtu._.js:16339:9)
    at renderBorders (http://localhost:3000/_next/static/chunks/node_modules_0mknrtu._.js:16707:9)
    at renderNode (http://localhost:3000/_next/static/chunks/node_modules_0mknrtu._.js:16975:5)
    at renderChild (http://localhost:3000/_next/static/chunks/node_modules_0mknrtu._.js:16946:34)
    at Array.forEach (<anonymous>)
    at renderChildren (http://localhost:3000/_next/static/chunks/node_modules_0mknrtu._.js:16947:14)
    at renderNode (http://localhost:3000/_next/static/chunks/node_modules_0mknrtu._.js:16978:31)
    at http://localhost:3000/_next/static/chunks/node_modules_0mknrtu._.js:17020:27
    at Array.forEach (<anonymous>)
    at render (http://localhost:3000/_next/static/chunks/node_modules_0mknrtu._.js:17020:11)
    at render (http://localhost:3000/_next/static/chunks/node_modules_0mknrtu._.js:25143:199)
    at async Object.toBlob (http://localhost:3000/_next/static/chunks/node_modules_0mknrtu._.js:25159:76)
    at async generateFullReportPdf (http://localhost:3000/_next/static/chunks/src_lib_export_03duq~b._.js:867:12)
    at async exportContract (http://localhost:3000/_next/static/chunks/src_lib_export_0bd389f._.js:100:30)
    at async handleExport (http://localhost:3000/_next/static/chunks/src_02j~y2r._.js:4329:40) @ http://localhost:3000/_next/static/chunks/node_modules_next_dist_115brz8._.js:3272
[  334917ms] [LOG] [Fast Refresh] rebuilding @ http://localhost:3000/_next/static/chunks/node_modules_next_dist_115brz8._.js:2431
[  334927ms] [LOG] [Fast Refresh] done in 112ms @ http://localhost:3000/_next/static/chunks/node_modules_next_dist_115brz8._.js:2431
[  354558ms] [LOG] [Fast Refresh] rebuilding @ http://localhost:3000/_next/static/chunks/node_modules_next_dist_115brz8._.js:2431
[  355178ms] [LOG] [Fast Refresh] done in 684ms @ http://localhost:3000/_next/static/chunks/node_modules_next_dist_115brz8._.js:2431
[  370014ms] [ERROR] Export failed Error: unsupported number: -9.297159013149614e+21
    at number (http://localhost:3000/_next/static/chunks/node_modules_%40react-pdf_pdfkit_lib_pdfkit_browser_0w5ammq.js:7175:15)
    at PDFDocument.moveTo (http://localhost:3000/_next/static/chunks/node_modules_%40react-pdf_pdfkit_lib_pdfkit_browser_0w5ammq.js:12243:50)
    at clipBorderTop (http://localhost:3000/_next/static/chunks/node_modules_0mknrtu._.js:16339:9)
    at renderBorders (http://localhost:3000/_next/static/chunks/node_modules_0mknrtu._.js:16707:9)
    at renderNode (http://localhost:3000/_next/static/chunks/node_modules_0mknrtu._.js:16975:5)
    at renderChild (http://localhost:3000/_next/static/chunks/node_modules_0mknrtu._.js:16946:34)
    at Array.forEach (<anonymous>)
    at renderChildren (http://localhost:3000/_next/static/chunks/node_modules_0mknrtu._.js:16947:14)
    at renderNode (http://localhost:3000/_next/static/chunks/node_modules_0mknrtu._.js:16978:31)
    at http://localhost:3000/_next/static/chunks/node_modules_0mknrtu._.js:17020:27
    at Array.forEach (<anonymous>)
    at render (http://localhost:3000/_next/static/chunks/node_modules_0mknrtu._.js:17020:11)
    at render (http://localhost:3000/_next/static/chunks/node_modules_0mknrtu._.js:25143:199)
    at async Object.toBlob (http://localhost:3000/_next/static/chunks/node_modules_0mknrtu._.js:25159:76)
    at async generateFullReportPdf (http://localhost:3000/_next/static/chunks/src_lib_export_03duq~b._.js:867:12)
    at async exportContract (http://localhost:3000/_next/static/chunks/src_lib_export_0bd389f._.js:100:30)
    at async handleExport (http://localhost:3000/_next/static/chunks/src_02j~y2r._.js:4329:40) @ http://localhost:3000/_next/static/chunks/node_modules_next_dist_115brz8._.js:3272
[  382808ms] [LOG] [Fast Refresh] rebuilding @ http://localhost:3000/_next/static/chunks/node_modules_next_dist_115brz8._.js:2431
[  382951ms] [LOG] [Fast Refresh] done in 231ms @ http://localhost:3000/_next/static/chunks/node_modules_next_dist_115brz8._.js:2431
[  389535ms] [LOG] [Fast Refresh] rebuilding @ http://localhost:3000/_next/static/chunks/node_modules_next_dist_115brz8._.js:2431
[  389550ms] [LOG] [Fast Refresh] done in 86ms @ http://localhost:3000/_next/static/chunks/node_modules_next_dist_115brz8._.js:2431
[  397958ms] [LOG] [Fast Refresh] rebuilding @ http://localhost:3000/_next/static/chunks/node_modules_next_dist_115brz8._.js:2431
[  398013ms] [LOG] [Fast Refresh] done in 141ms @ http://localhost:3000/_next/static/chunks/node_modules_next_dist_115brz8._.js:2431
[  414235ms] [ERROR] Export failed Error: unsupported number: -9.297159013149614e+21
    at number (http://localhost:3000/_next/static/chunks/node_modules_%40react-pdf_pdfkit_lib_pdfkit_browser_0w5ammq.js:7175:15)
    at PDFDocument.moveTo (http://localhost:3000/_next/static/chunks/node_modules_%40react-pdf_pdfkit_lib_pdfkit_browser_0w5ammq.js:12243:50)
    at clipBorderTop (http://localhost:3000/_next/static/chunks/node_modules_0mknrtu._.js:16339:9)
    at renderBorders (http://localhost:3000/_next/static/chunks/node_modules_0mknrtu._.js:16707:9)
    at renderNode (http://localhost:3000/_next/static/chunks/node_modules_0mknrtu._.js:16975:5)
    at renderChild (http://localhost:3000/_next/static/chunks/node_modules_0mknrtu._.js:16946:34)
    at Array.forEach (<anonymous>)
    at renderChildren (http://localhost:3000/_next/static/chunks/node_modules_0mknrtu._.js:16947:14)
    at renderNode (http://localhost:3000/_next/static/chunks/node_modules_0mknrtu._.js:16978:31)
    at http://localhost:3000/_next/static/chunks/node_modules_0mknrtu._.js:17020:27
    at Array.forEach (<anonymous>)
    at render (http://localhost:3000/_next/static/chunks/node_modules_0mknrtu._.js:17020:11)
    at render (http://localhost:3000/_next/static/chunks/node_modules_0mknrtu._.js:25143:199)
    at async Object.toBlob (http://localhost:3000/_next/static/chunks/node_modules_0mknrtu._.js:25159:76)
    at async generateFullReportPdf (http://localhost:3000/_next/static/chunks/src_lib_export_03duq~b._.js:867:12)
    at async exportContract (http://localhost:3000/_next/static/chunks/src_lib_export_0bd389f._.js:100:30)
    at async handleExport (http://localhost:3000/_next/static/chunks/src_02j~y2r._.js:4329:40) @ http://localhost:3000/_next/static/chunks/node_modules_next_dist_115brz8._.js:3272
[  430095ms] [LOG] [Fast Refresh] rebuilding @ http://localhost:3000/_next/static/chunks/node_modules_next_dist_115brz8._.js:2431
[  430137ms] [LOG] [Fast Refresh] done in 126ms @ http://localhost:3000/_next/static/chunks/node_modules_next_dist_115brz8._.js:2431
[  435643ms] [LOG] [Fast Refresh] rebuilding @ http://localhost:3000/_next/static/chunks/node_modules_next_dist_115brz8._.js:2431
[  435659ms] [LOG] [Fast Refresh] done in 74ms @ http://localhost:3000/_next/static/chunks/node_modules_next_dist_115brz8._.js:2431
[  450720ms] [ERROR] Export failed Error: unsupported number: -9.297159013149614e+21
    at number (http://localhost:3000/_next/static/chunks/node_modules_%40react-pdf_pdfkit_lib_pdfkit_browser_0w5ammq.js:7175:15)
    at PDFDocument.moveTo (http://localhost:3000/_next/static/chunks/node_modules_%40react-pdf_pdfkit_lib_pdfkit_browser_0w5ammq.js:12243:50)
    at clipBorderTop (http://localhost:3000/_next/static/chunks/node_modules_0mknrtu._.js:16339:9)
    at renderBorders (http://localhost:3000/_next/static/chunks/node_modules_0mknrtu._.js:16707:9)
    at renderNode (http://localhost:3000/_next/static/chunks/node_modules_0mknrtu._.js:16975:5)
    at renderChild (http://localhost:3000/_next/static/chunks/node_modules_0mknrtu._.js:16946:34)
    at Array.forEach (<anonymous>)
    at renderChildren (http://localhost:3000/_next/static/chunks/node_modules_0mknrtu._.js:16947:14)
    at renderNode (http://localhost:3000/_next/static/chunks/node_modules_0mknrtu._.js:16978:31)
    at http://localhost:3000/_next/static/chunks/node_modules_0mknrtu._.js:17020:27
    at Array.forEach (<anonymous>)
    at render (http://localhost:3000/_next/static/chunks/node_modules_0mknrtu._.js:17020:11)
    at render (http://localhost:3000/_next/static/chunks/node_modules_0mknrtu._.js:25143:199)
    at async Object.toBlob (http://localhost:3000/_next/static/chunks/node_modules_0mknrtu._.js:25159:76)
    at async generateFullReportPdf (http://localhost:3000/_next/static/chunks/src_lib_export_03duq~b._.js:867:12)
    at async exportContract (http://localhost:3000/_next/static/chunks/src_lib_export_0bd389f._.js:100:30)
    at async handleExport (http://localhost:3000/_next/static/chunks/src_02j~y2r._.js:4329:40) @ http://localhost:3000/_next/static/chunks/node_modules_next_dist_115brz8._.js:3272
[  498815ms] [LOG] [Fast Refresh] rebuilding @ http://localhost:3000/_next/static/chunks/node_modules_next_dist_115brz8._.js:2431
[  499015ms] [LOG] [Fast Refresh] done in 262ms @ http://localhost:3000/_next/static/chunks/node_modules_next_dist_115brz8._.js:2431
[  499793ms] [LOG] [Fast Refresh] rebuilding @ http://localhost:3000/_next/static/chunks/node_modules_next_dist_115brz8._.js:2431
[  499874ms] [LOG] [Fast Refresh] done in 132ms @ http://localhost:3000/_next/static/chunks/node_modules_next_dist_115brz8._.js:2431
[  500812ms] [LOG] [Fast Refresh] rebuilding @ http://localhost:3000/_next/static/chunks/node_modules_next_dist_115brz8._.js:2431
[  500828ms] [LOG] [Fast Refresh] done in 94ms @ http://localhost:3000/_next/static/chunks/node_modules_next_dist_115brz8._.js:2431
[  505419ms] [LOG] [Fast Refresh] rebuilding @ http://localhost:3000/_next/static/chunks/node_modules_next_dist_115brz8._.js:2431
[  505556ms] [LOG] [Fast Refresh] done in 158ms @ http://localhost:3000/_next/static/chunks/node_modules_next_dist_115brz8._.js:2431
[  517380ms] [ERROR] Export failed Error: unsupported number: -9.297159013149614e+21
    at number (http://localhost:3000/_next/static/chunks/node_modules_%40react-pdf_pdfkit_lib_pdfkit_browser_0w5ammq.js:7175:15)
    at PDFDocument.moveTo (http://localhost:3000/_next/static/chunks/node_modules_%40react-pdf_pdfkit_lib_pdfkit_browser_0w5ammq.js:12243:50)
    at clipBorderTop (http://localhost:3000/_next/static/chunks/node_modules_0mknrtu._.js:16339:9)
    at renderBorders (http://localhost:3000/_next/static/chunks/node_modules_0mknrtu._.js:16707:9)
    at renderNode (http://localhost:3000/_next/static/chunks/node_modules_0mknrtu._.js:16975:5)
    at renderChild (http://localhost:3000/_next/static/chunks/node_modules_0mknrtu._.js:16946:34)
    at Array.forEach (<anonymous>)
    at renderChildren (http://localhost:3000/_next/static/chunks/node_modules_0mknrtu._.js:16947:14)
    at renderNode (http://localhost:3000/_next/static/chunks/node_modules_0mknrtu._.js:16978:31)
    at http://localhost:3000/_next/static/chunks/node_modules_0mknrtu._.js:17020:27
    at Array.forEach (<anonymous>)
    at render (http://localhost:3000/_next/static/chunks/node_modules_0mknrtu._.js:17020:11)
    at render (http://localhost:3000/_next/static/chunks/node_modules_0mknrtu._.js:25143:199)
    at async Object.toBlob (http://localhost:3000/_next/static/chunks/node_modules_0mknrtu._.js:25159:76)
    at async generateFullReportPdf (http://localhost:3000/_next/static/chunks/src_lib_export_03duq~b._.js:867:12)
    at async exportContract (http://localhost:3000/_next/static/chunks/src_lib_export_0bd389f._.js:100:30)
    at async handleExport (http://localhost:3000/_next/static/chunks/src_02j~y2r._.js:4329:40) @ http://localhost:3000/_next/static/chunks/node_modules_next_dist_115brz8._.js:3272
[  544800ms] [LOG] [Fast Refresh] rebuilding @ http://localhost:3000/_next/static/chunks/node_modules_next_dist_115brz8._.js:2431
[  544998ms] [LOG] [Fast Refresh] done in 280ms @ http://localhost:3000/_next/static/chunks/node_modules_next_dist_115brz8._.js:2431
[  556374ms] [ERROR] Export failed Error: unsupported number: -9.297159013149614e+21
    at number (http://localhost:3000/_next/static/chunks/node_modules_%40react-pdf_pdfkit_lib_pdfkit_browser_0w5ammq.js:7175:15)
    at PDFDocument.moveTo (http://localhost:3000/_next/static/chunks/node_modules_%40react-pdf_pdfkit_lib_pdfkit_browser_0w5ammq.js:12243:50)
    at clipBorderTop (http://localhost:3000/_next/static/chunks/node_modules_0mknrtu._.js:16339:9)
    at renderBorders (http://localhost:3000/_next/static/chunks/node_modules_0mknrtu._.js:16707:9)
    at renderNode (http://localhost:3000/_next/static/chunks/node_modules_0mknrtu._.js:16975:5)
    at renderChild (http://localhost:3000/_next/static/chunks/node_modules_0mknrtu._.js:16946:34)
    at Array.forEach (<anonymous>)
    at renderChildren (http://localhost:3000/_next/static/chunks/node_modules_0mknrtu._.js:16947:14)
    at renderNode (http://localhost:3000/_next/static/chunks/node_modules_0mknrtu._.js:16978:31)
    at http://localhost:3000/_next/static/chunks/node_modules_0mknrtu._.js:17020:27
    at Array.forEach (<anonymous>)
    at render (http://localhost:3000/_next/static/chunks/node_modules_0mknrtu._.js:17020:11)
    at render (http://localhost:3000/_next/static/chunks/node_modules_0mknrtu._.js:25143:199)
    at async Object.toBlob (http://localhost:3000/_next/static/chunks/node_modules_0mknrtu._.js:25159:76)
    at async generateFullReportPdf (http://localhost:3000/_next/static/chunks/src_lib_export_03duq~b._.js:867:12)
    at async exportContract (http://localhost:3000/_next/static/chunks/src_lib_export_0bd389f._.js:100:30)
    at async handleExport (http://localhost:3000/_next/static/chunks/src_02j~y2r._.js:4329:40) @ http://localhost:3000/_next/static/chunks/node_modules_next_dist_115brz8._.js:3272
[  579617ms] [LOG] [Fast Refresh] rebuilding @ http://localhost:3000/_next/static/chunks/node_modules_next_dist_115brz8._.js:2431
[  579644ms] [LOG] [Fast Refresh] done in 61ms @ http://localhost:3000/_next/static/chunks/node_modules_next_dist_115brz8._.js:2431
[  580636ms] [LOG] [Fast Refresh] rebuilding @ http://localhost:3000/_next/static/chunks/node_modules_next_dist_115brz8._.js:2431
[  580658ms] [LOG] [Fast Refresh] done in 75ms @ http://localhost:3000/_next/static/chunks/node_modules_next_dist_115brz8._.js:2431
[  596268ms] [LOG] [Fast Refresh] rebuilding @ http://localhost:3000/_next/static/chunks/node_modules_next_dist_115brz8._.js:2431
[  596364ms] [LOG] [Fast Refresh] done in 188ms @ http://localhost:3000/_next/static/chunks/node_modules_next_dist_115brz8._.js:2431
[  608945ms] [ERROR] Export failed Error: unsupported number: -9.297159013149614e+21
    at number (http://localhost:3000/_next/static/chunks/node_modules_%40react-pdf_pdfkit_lib_pdfkit_browser_0w5ammq.js:7175:15)
    at PDFDocument.moveTo (http://localhost:3000/_next/static/chunks/node_modules_%40react-pdf_pdfkit_lib_pdfkit_browser_0w5ammq.js:12243:50)
    at clipBorderTop (http://localhost:3000/_next/static/chunks/node_modules_0mknrtu._.js:16339:9)
    at renderBorders (http://localhost:3000/_next/static/chunks/node_modules_0mknrtu._.js:16707:9)
    at renderNode (http://localhost:3000/_next/static/chunks/node_modules_0mknrtu._.js:16975:5)
    at renderChild (http://localhost:3000/_next/static/chunks/node_modules_0mknrtu._.js:16946:34)
    at Array.forEach (<anonymous>)
    at renderChildren (http://localhost:3000/_next/static/chunks/node_modules_0mknrtu._.js:16947:14)
    at renderNode (http://localhost:3000/_next/static/chunks/node_modules_0mknrtu._.js:16978:31)
    at http://localhost:3000/_next/static/chunks/node_modules_0mknrtu._.js:17020:27
    at Array.forEach (<anonymous>)
    at render (http://localhost:3000/_next/static/chunks/node_modules_0mknrtu._.js:17020:11)
    at render (http://localhost:3000/_next/static/chunks/node_modules_0mknrtu._.js:25143:199)
    at async Object.toBlob (http://localhost:3000/_next/static/chunks/node_modules_0mknrtu._.js:25159:76)
    at async generateFullReportPdf (http://localhost:3000/_next/static/chunks/src_lib_export_03duq~b._.js:867:12)
    at async exportContract (http://localhost:3000/_next/static/chunks/src_lib_export_0bd389f._.js:100:30)
    at async handleExport (http://localhost:3000/_next/static/chunks/src_02j~y2r._.js:4329:40) @ http://localhost:3000/_next/static/chunks/node_modules_next_dist_115brz8._.js:3272
[  620900ms] [LOG] [Fast Refresh] rebuilding @ http://localhost:3000/_next/static/chunks/node_modules_next_dist_115brz8._.js:2431
[  621219ms] [LOG] [Fast Refresh] done in 411ms @ http://localhost:3000/_next/static/chunks/node_modules_next_dist_115brz8._.js:2431
[  622126ms] [LOG] [Fast Refresh] rebuilding @ http://localhost:3000/_next/static/chunks/node_modules_next_dist_115brz8._.js:2431
[  622247ms] [LOG] [Fast Refresh] done in 196ms @ http://localhost:3000/_next/static/chunks/node_modules_next_dist_115brz8._.js:2431
[  627372ms] [ERROR] Export failed Error: unsupported number: -9.297159013149614e+21
    at number (http://localhost:3000/_next/static/chunks/node_modules_%40react-pdf_pdfkit_lib_pdfkit_browser_0w5ammq.js:7175:15)
    at PDFDocument.moveTo (http://localhost:3000/_next/static/chunks/node_modules_%40react-pdf_pdfkit_lib_pdfkit_browser_0w5ammq.js:12243:50)
    at clipBorderTop (http://localhost:3000/_next/static/chunks/node_modules_0mknrtu._.js:16339:9)
    at renderBorders (http://localhost:3000/_next/static/chunks/node_modules_0mknrtu._.js:16707:9)
    at renderNode (http://localhost:3000/_next/static/chunks/node_modules_0mknrtu._.js:16975:5)
    at renderChild (http://localhost:3000/_next/static/chunks/node_modules_0mknrtu._.js:16946:34)
    at Array.forEach (<anonymous>)
    at renderChildren (http://localhost:3000/_next/static/chunks/node_modules_0mknrtu._.js:16947:14)
    at renderNode (http://localhost:3000/_next/static/chunks/node_modules_0mknrtu._.js:16978:31)
    at http://localhost:3000/_next/static/chunks/node_modules_0mknrtu._.js:17020:27
    at Array.forEach (<anonymous>)
    at render (http://localhost:3000/_next/static/chunks/node_modules_0mknrtu._.js:17020:11)
    at render (http://localhost:3000/_next/static/chunks/node_modules_0mknrtu._.js:25143:199)
    at async Object.toBlob (http://localhost:3000/_next/static/chunks/node_modules_0mknrtu._.js:25159:76)
    at async generateFullReportPdf (http://localhost:3000/_next/static/chunks/src_lib_export_03duq~b._.js:867:12)
    at async exportContract (http://localhost:3000/_next/static/chunks/src_lib_export_0bd389f._.js:100:30)
    at async handleExport (http://localhost:3000/_next/static/chunks/src_02j~y2r._.js:4329:40) @ http://localhost:3000/_next/static/chunks/node_modules_next_dist_115brz8._.js:3272
[  642323ms] [LOG] [Fast Refresh] rebuilding @ http://localhost:3000/_next/static/chunks/node_modules_next_dist_115brz8._.js:2431
[  642511ms] [LOG] [Fast Refresh] done in 261ms @ http://localhost:3000/_next/static/chunks/node_modules_next_dist_115brz8._.js:2431
[  644452ms] [LOG] [Fast Refresh] rebuilding @ http://localhost:3000/_next/static/chunks/node_modules_next_dist_115brz8._.js:2431
[  644505ms] [LOG] [Fast Refresh] done in 129ms @ http://localhost:3000/_next/static/chunks/node_modules_next_dist_115brz8._.js:2431
[  650049ms] [ERROR] Export failed Error: unsupported number: -9.297159013149614e+21
    at number (http://localhost:3000/_next/static/chunks/node_modules_%40react-pdf_pdfkit_lib_pdfkit_browser_0w5ammq.js:7175:15)
    at PDFDocument.moveTo (http://localhost:3000/_next/static/chunks/node_modules_%40react-pdf_pdfkit_lib_pdfkit_browser_0w5ammq.js:12243:50)
    at clipBorderTop (http://localhost:3000/_next/static/chunks/node_modules_0mknrtu._.js:16339:9)
    at renderBorders (http://localhost:3000/_next/static/chunks/node_modules_0mknrtu._.js:16707:9)
    at renderNode (http://localhost:3000/_next/static/chunks/node_modules_0mknrtu._.js:16975:5)
    at renderChild (http://localhost:3000/_next/static/chunks/node_modules_0mknrtu._.js:16946:34)
    at Array.forEach (<anonymous>)
    at renderChildren (http://localhost:3000/_next/static/chunks/node_modules_0mknrtu._.js:16947:14)
    at renderNode (http://localhost:3000/_next/static/chunks/node_modules_0mknrtu._.js:16978:31)
    at http://localhost:3000/_next/static/chunks/node_modules_0mknrtu._.js:17020:27
    at Array.forEach (<anonymous>)
    at render (http://localhost:3000/_next/static/chunks/node_modules_0mknrtu._.js:17020:11)
    at render (http://localhost:3000/_next/static/chunks/node_modules_0mknrtu._.js:25143:199)
    at async Object.toBlob (http://localhost:3000/_next/static/chunks/node_modules_0mknrtu._.js:25159:76)
    at async generateFullReportPdf (http://localhost:3000/_next/static/chunks/src_lib_export_03duq~b._.js:867:12)
    at async exportContract (http://localhost:3000/_next/static/chunks/src_lib_export_0bd389f._.js:100:30)
    at async handleExport (http://localhost:3000/_next/static/chunks/src_02j~y2r._.js:4329:40) @ http://localhost:3000/_next/static/chunks/node_modules_next_dist_115brz8._.js:3272
[  661540ms] [LOG] [Fast Refresh] rebuilding @ http://localhost:3000/_next/static/chunks/node_modules_next_dist_115brz8._.js:2431
[  661770ms] [LOG] [Fast Refresh] done in 301ms @ http://localhost:3000/_next/static/chunks/node_modules_next_dist_115brz8._.js:2431
[  666170ms] [ERROR] Export failed Error: unsupported number: -9.297159013149614e+21
    at number (http://localhost:3000/_next/static/chunks/node_modules_%40react-pdf_pdfkit_lib_pdfkit_browser_0w5ammq.js:7175:15)
    at PDFDocument.moveTo (http://localhost:3000/_next/static/chunks/node_modules_%40react-pdf_pdfkit_lib_pdfkit_browser_0w5ammq.js:12243:50)
    at clipBorderTop (http://localhost:3000/_next/static/chunks/node_modules_0mknrtu._.js:16339:9)
    at renderBorders (http://localhost:3000/_next/static/chunks/node_modules_0mknrtu._.js:16707:9)
    at renderNode (http://localhost:3000/_next/static/chunks/node_modules_0mknrtu._.js:16975:5)
    at renderChild (http://localhost:3000/_next/static/chunks/node_modules_0mknrtu._.js:16946:34)
    at Array.forEach (<anonymous>)
    at renderChildren (http://localhost:3000/_next/static/chunks/node_modules_0mknrtu._.js:16947:14)
    at renderNode (http://localhost:3000/_next/static/chunks/node_modules_0mknrtu._.js:16978:31)
    at http://localhost:3000/_next/static/chunks/node_modules_0mknrtu._.js:17020:27
    at Array.forEach (<anonymous>)
    at render (http://localhost:3000/_next/static/chunks/node_modules_0mknrtu._.js:17020:11)
    at render (http://localhost:3000/_next/static/chunks/node_modules_0mknrtu._.js:25143:199)
    at async Object.toBlob (http://localhost:3000/_next/static/chunks/node_modules_0mknrtu._.js:25159:76)
    at async generateFullReportPdf (http://localhost:3000/_next/static/chunks/src_lib_export_03duq~b._.js:867:12)
    at async exportContract (http://localhost:3000/_next/static/chunks/src_lib_export_0bd389f._.js:100:30)
    at async handleExport (http://localhost:3000/_next/static/chunks/src_02j~y2r._.js:4329:40) @ http://localhost:3000/_next/static/chunks/node_modules_next_dist_115brz8._.js:3272
[  689046ms] [LOG] [Fast Refresh] rebuilding @ http://localhost:3000/_next/static/chunks/node_modules_next_dist_115brz8._.js:2431
[  689290ms] [LOG] [Fast Refresh] done in 332ms @ http://localhost:3000/_next/static/chunks/node_modules_next_dist_115brz8._.js:2431
[  689397ms] [LOG] [Fast Refresh] rebuilding @ http://localhost:3000/_next/static/chunks/node_modules_next_dist_115brz8._.js:2431
[  689605ms] [LOG] [Fast Refresh] done in 310ms @ http://localhost:3000/_next/static/chunks/node_modules_next_dist_115brz8._.js:2431
[  695107ms] [ERROR] Export failed Error: unsupported number: -9.297159013149614e+21
    at number (http://localhost:3000/_next/static/chunks/node_modules_%40react-pdf_pdfkit_lib_pdfkit_browser_0w5ammq.js:7175:15)
    at PDFDocument.moveTo (http://localhost:3000/_next/static/chunks/node_modules_%40react-pdf_pdfkit_lib_pdfkit_browser_0w5ammq.js:12243:50)
    at clipBorderTop (http://localhost:3000/_next/static/chunks/node_modules_0mknrtu._.js:16339:9)
    at renderBorders (http://localhost:3000/_next/static/chunks/node_modules_0mknrtu._.js:16707:9)
    at renderNode (http://localhost:3000/_next/static/chunks/node_modules_0mknrtu._.js:16975:5)
    at renderChild (http://localhost:3000/_next/static/chunks/node_modules_0mknrtu._.js:16946:34)
    at Array.forEach (<anonymous>)
    at renderChildren (http://localhost:3000/_next/static/chunks/node_modules_0mknrtu._.js:16947:14)
    at renderNode (http://localhost:3000/_next/static/chunks/node_modules_0mknrtu._.js:16978:31)
    at http://localhost:3000/_next/static/chunks/node_modules_0mknrtu._.js:17020:27
    at Array.forEach (<anonymous>)
    at render (http://localhost:3000/_next/static/chunks/node_modules_0mknrtu._.js:17020:11)
    at render (http://localhost:3000/_next/static/chunks/node_modules_0mknrtu._.js:25143:199)
    at async Object.toBlob (http://localhost:3000/_next/static/chunks/node_modules_0mknrtu._.js:25159:76)
    at async generateFullReportPdf (http://localhost:3000/_next/static/chunks/src_lib_export_03duq~b._.js:867:12)
    at async exportContract (http://localhost:3000/_next/static/chunks/src_lib_export_0bd389f._.js:100:30)
    at async handleExport (http://localhost:3000/_next/static/chunks/src_02j~y2r._.js:4329:40) @ http://localhost:3000/_next/static/chunks/node_modules_next_dist_115brz8._.js:3272
